# Flax map source. Hand-editable; '#' starts a comment.
# Bake for the engine with: flaxpack pack <this file> <out.fmap>
# Portal links are not stored here - they are recompiled on load.
flaxmap 2

player -100 0 0

# vertex <index> <x> <y>   (15 total)
vertex 0 -200 -100
vertex 1 0 -100
vertex 2 0 100
vertex 3 -200 100
vertex 4 300 -100
vertex 5 300 100
vertex 6 -50 -250
vertex 7 -0 -350
vertex 8 300 -350
vertex 9 350 -250
vertex 10 -400 -400
vertex 11 -500 -800
vertex 12 -500 -1000
vertex 13 400 -1000
vertex 14 400 -450

# wall <index> <v_start> <v_end> <texture> [flags tag]   (21 total)
wall 0 0 1 BRICK 0 0
wall 1 1 2 BRICK 0 0
wall 2 2 3 BRICK 0 0
wall 3 3 0 BRICK 0 0
wall 4 1 4 PANEL 0 0
wall 5 4 5 PANEL 0 0
wall 6 5 2 PANEL 0 0
wall 7 2 1 PANEL 0 0
wall 8 1 6 DEFAULT 0 0
wall 9 6 7 DEFAULT 0 0
wall 10 7 8 DEFAULT 0 0
wall 11 8 9 DEFAULT 0 0
wall 12 9 4 DEFAULT 0 0
wall 13 4 1 DEFAULT 0 0
wall 14 7 10 STONE 0 0
wall 15 10 11 DEFAULT 0 0
wall 16 11 12 DEFAULT 0 0
wall 17 12 13 DEFAULT 0 0
wall 18 13 14 STONE 0 0
wall 19 14 8 BRICK 0 0
wall 20 8 7 DEFAULT 0 0

# sector <index> <wall_start> <wall_count> <floor_z> <ceil_z> <floortex> <ceiltex> [floor_slope ceil_slope kind tag]   (4 total)
sector 0 0 4 0 10 FLOOR CEIL 0 0 0 0
sector 1 4 4 1.5 8 STONE CEIL 0 0 0 0
sector 2 8 6 0 10 DEFAULT DEFAULT 0 0 0 0
sector 3 14 7 0 10 STONE CEIL 0 0 0 0

# entity <index> <type> <x> <y> <z> <yaw> <sx> <sy> <texture> <data>   (0 total)
